{
  "E6_roots": {
    "count": 72,
    "denominator": 2,
    "levels": {
      "-1": 72,
      "-1/2": 1440,
      "0": 2160,
      "1": 72,
      "1/2": 1440
    },
    "max_off_diagonal": "1/2",
    "numerical_nonzero_eigenvalues": [
      11.999999999999996,
      11.999999999999998,
      12.000000000000002,
      12.000000000000002,
      12.000000000000002,
      12.000000000000005
    ],
    "rank": 6
  },
  "E7_roots": {
    "count": 126,
    "denominator": 2,
    "levels": {
      "-1": 126,
      "-1/2": 4032,
      "0": 7560,
      "1": 126,
      "1/2": 4032
    },
    "max_off_diagonal": "1/2",
    "numerical_nonzero_eigenvalues": [
      17.999999999999996,
      18.0,
      18.000000000000004,
      18.000000000000004,
      18.000000000000004,
      18.000000000000004,
      18.00000000000002
    ],
    "rank": 7
  },
  "beats_record": false,
  "cap54": {
    "count": 54,
    "denominator": 4,
    "levels": {
      "-1": 54,
      "-1/2": 540,
      "-1/4": 864,
      "1": 54,
      "1/2": 540,
      "1/4": 864
    },
    "max_off_diagonal": "1/2",
    "numerical_nonzero_eigenvalues": [
      8.999999999999996,
      8.999999999999998,
      9.0,
      9.000000000000002,
      9.000000000000002,
      9.000000000000002
    ],
    "rank": 6
  },
  "cap84": {
    "count": 84,
    "denominator": 2,
    "levels": {
      "-1": 84,
      "-1/2": 1680,
      "0": 3528,
      "1": 84,
      "1/2": 1680
    },
    "max_off_diagonal": "1/2",
    "numerical_nonzero_eigenvalues": [
      11.999999999999995,
      11.999999999999996,
      12.0,
      12.0,
      12.0,
      12.000000000000002,
      12.000000000000007
    ],
    "rank": 7
  },
  "core_component_formula": {
    "E6_repeated": "G0*(G0-72I)/6",
    "E7_repeated": "G0*(84I-G0)/6",
    "exact_denominators": {
      "A": 2,
      "B": 2
    },
    "orthogonal": true,
    "sum": "A+B=2G0"
  },
  "count": 1146,
  "decomposition": {
    "cap_R6": 54,
    "cap_R7": 84,
    "cap_cross_orthogonal": true,
    "core": 1008,
    "formula": "9*8*14 + 54 + 84 = 1146"
  },
  "dimension": 13,
  "exact_cross_levels": {
    "cap54_to_E6_full_inner_coefficients_times_sqrt2": {
      "-1/2": 432,
      "-1/4": 864,
      "0": 1296,
      "1/2": 432,
      "1/4": 864
    },
    "cap84_to_E7_full_inner_coefficients_times_sqrt2": {
      "-1/2": 840,
      "-1/4": 2688,
      "0": 3528,
      "1/2": 840,
      "1/4": 2688
    }
  },
  "fiber_components": [
    {
      "a": [
        0,
        21,
        31,
        32,
        39,
        40,
        50,
        71
      ],
      "a_size": 8,
      "b": [
        0,
        33,
        50,
        59,
        60,
        61,
        62,
        63,
        64,
        65,
        66,
        75,
        92,
        125
      ],
      "b_size": 14,
      "complete_bipartite": true,
      "edges": 112
    },
    {
      "a": [
        1,
        13,
        29,
        34,
        37,
        42,
        58,
        70
      ],
      "a_size": 8,
      "b": [
        6,
        10,
        13,
        32,
        39,
        47,
        56,
        69,
        78,
        86,
        93,
        112,
        115,
        119
      ],
      "b_size": 14,
      "complete_bipartite": true,
      "edges": 112
    },
    {
      "a": [
        2,
        18,
        25,
        28,
        43,
        46,
        53,
        69
      ],
      "a_size": 8,
      "b": [
        1,
        16,
        21,
        30,
        43,
        49,
        54,
        71,
        76,
        82,
        95,
        104,
        109,
        124
      ],
      "b_size": 14,
      "complete_bipartite": true,
      "edges": 112
    },
    {
      "a": [
        3,
        8,
        22,
        33,
        38,
        49,
        63,
        68
      ],
      "a_size": 8,
      "b": [
        7,
        12,
        14,
        28,
        36,
        41,
        51,
        74,
        84,
        89,
        97,
        111,
        113,
        118
      ],
      "b_size": 14,
      "complete_bipartite": true,
      "edges": 112
    },
    {
      "a": [
        4,
        7,
        12,
        19,
        52,
        59,
        64,
        67
      ],
      "a_size": 8,
      "b": [
        5,
        18,
        22,
        25,
        37,
        38,
        52,
        73,
        87,
        88,
        100,
        103,
        107,
        120
      ],
      "b_size": 14,
      "complete_bipartite": true,
      "edges": 112
    },
    {
      "a": [
        5,
        20,
        26,
        27,
        44,
        45,
        51,
        66
      ],
      "a_size": 8,
      "b": [
        3,
        11,
        20,
        31,
        44,
        48,
        53,
        72,
        77,
        81,
        94,
        105,
        114,
        122
      ],
      "b_size": 14,
      "complete_bipartite": true,
      "edges": 112
    },
    {
      "a": [
        6,
        9,
        10,
        16,
        55,
        61,
        62,
        65
      ],
      "a_size": 8,
      "b": [
        4,
        15,
        23,
        26,
        34,
        45,
        57,
        68,
        80,
        91,
        99,
        102,
        110,
        121
      ],
      "b_size": 14,
      "complete_bipartite": true,
      "edges": 112
    },
    {
      "a": [
        11,
        17,
        24,
        30,
        41,
        47,
        54,
        60
      ],
      "a_size": 8,
      "b": [
        2,
        17,
        24,
        27,
        40,
        46,
        55,
        70,
        79,
        85,
        98,
        101,
        108,
        123
      ],
      "b_size": 14,
      "complete_bipartite": true,
      "edges": 112
    },
    {
      "a": [
        14,
        15,
        23,
        35,
        36,
        48,
        56,
        57
      ],
      "a_size": 8,
      "b": [
        8,
        9,
        19,
        29,
        35,
        42,
        58,
        67,
        83,
        90,
        96,
        106,
        116,
        117
      ],
      "b_size": 14,
      "complete_bipartite": true,
      "edges": 112
    }
  ],
  "fiber_summary": {
    "E6_class_multiplicity": [
      14
    ],
    "E7_class_multiplicity": [
      8
    ],
    "component_type": "K_8,14",
    "components": 9,
    "edges_per_component": 112,
    "total_core_points": 1008
  },
  "generated_at": "2026-08-23T06:42:11.926105+00:00",
  "polar_vertex_candidate_search": {
    "R6": {
      "greedy_best": 54,
      "greedy_indices": [
        0,
        1,
        2,
        3,
        4,
        5,
        6,
        7,
        8,
        9,
        10,
        11,
        12,
        13,
        14,
        15,
        16,
        17,
        18,
        19,
        20,
        21,
        22,
        23,
        24,
        25,
        26,
        27,
        28,
        29,
        30,
        31,
        32,
        33,
        34,
        35,
        36,
        37,
        38,
        39,
        40,
        41,
        42,
        43,
        44,
        45,
        46,
        47,
        48,
        49,
        50,
        51,
        52,
        53
      ],
      "milp": {
        "attempted": true,
        "conflict_edges": 108,
        "indices": [
          2,
          3,
          7,
          9,
          17,
          22,
          28,
          31,
          32,
          37,
          38,
          42,
          55,
          56,
          57,
          59,
          60,
          61,
          62,
          63,
          66,
          68,
          69,
          70,
          71,
          72,
          73,
          74,
          75,
          77,
          78,
          79,
          80,
          82,
          83,
          84,
          86,
          87,
          88,
          89,
          90,
          93,
          95,
          96,
          97,
          98,
          99,
          100,
          101,
          102,
          104,
          105,
          106,
          107
        ],
        "message": "Optimization terminated successfully. (HiGHS Status 7: Optimal)",
        "mip_gap": 0.0,
        "mip_node_count": 1,
        "objective_count": 54,
        "proven_optimal": true,
        "status": 0
      },
      "normalized_candidate_directions_including_known_cap": 108,
      "polar_vertex_norm_distribution": {
        "1.154700538": 54
      },
      "polar_vertices": 54,
      "success": true,
      "vertices_with_norm_at_least_one": 54
    },
    "R7": {
      "greedy_best": 82,
      "greedy_indices": [
        119,
        58,
        90,
        93,
        96,
        133,
        122,
        72,
        117,
        137,
        97,
        71,
        81,
        84,
        69,
        88,
        89,
        70,
        78,
        65,
        79,
        80,
        111,
        56,
        107,
        98,
        112,
        105,
        92,
        118,
        130,
        121,
        63,
        99,
        100,
        126,
        110,
        113,
        108,
        134,
        87,
        76,
        82,
        129,
        114,
        57,
        60,
        74,
        120,
        103,
        91,
        59,
        75,
        106,
        77,
        95,
        86,
        131,
        68,
        67,
        62,
        139,
        128,
        66,
        109,
        102,
        61,
        45,
        124,
        64,
        101,
        104,
        85,
        125,
        123,
        136,
        115,
        94,
        127,
        116,
        135,
        132
      ],
      "milp": {
        "attempted": true,
        "conflict_edges": 168,
        "indices": [
          56,
          57,
          58,
          59,
          60,
          61,
          62,
          63,
          64,
          65,
          66,
          67,
          68,
          69,
          70,
          71,
          72,
          73,
          74,
          75,
          76,
          77,
          78,
          79,
          80,
          81,
          82,
          83,
          84,
          85,
          86,
          87,
          88,
          89,
          90,
          91,
          92,
          93,
          94,
          95,
          96,
          97,
          98,
          99,
          100,
          101,
          102,
          103,
          104,
          105,
          106,
          107,
          108,
          109,
          110,
          111,
          112,
          113,
          114,
          115,
          116,
          117,
          118,
          119,
          120,
          121,
          122,
          123,
          124,
          125,
          126,
          127,
          128,
          129,
          130,
          131,
          132,
          133,
          134,
          135,
          136,
          137,
          138,
          139
        ],
        "message": "Optimization terminated successfully. (HiGHS Status 7: Optimal)",
        "mip_gap": 0.0,
        "mip_node_count": 1,
        "objective_count": 84,
        "proven_optimal": true,
        "status": 0
      },
      "normalized_candidate_directions_including_known_cap": 140,
      "polar_vertex_norm_distribution": {
        "0.935414347": 576,
        "1.224744871": 56
      },
      "polar_vertices": 632,
      "success": true,
      "vertices_with_norm_at_least_one": 56
    }
  },
  "record": 1154,
  "row_profile_groups": [
    {
      "first_index": 8,
      "group": 0,
      "indices": [
        8,
        9,
        10,
        11,
        12,
        57,
        111,
        299,
        317,
        326,
        425,
        426,
        427,
        428,
        429,
        430,
        431,
        433,
        434,
        442,
        444,
        445,
        448,
        455,
        458,
        459,
        476,
        581,
        582,
        583,
        584,
        585,
        630,
        684,
        872,
        890,
        899,
        998,
        999,
        1000,
        1001,
        1002,
        1003,
        1004,
        1006,
        1007,
        1015,
        1017,
        1018,
        1021,
        1028,
        1031,
        1032,
        1049
      ],
      "row_level_counts": {
        "-1": 1,
        "-1/2": 122,
        "-1/4": 240,
        "0": 420,
        "1": 1,
        "1/2": 122,
        "1/4": 240
      },
      "size": 54
    },
    {
      "first_index": 13,
      "group": 1,
      "indices": [
        13,
        18,
        21,
        30,
        66,
        67,
        73,
        534,
        535,
        536,
        537,
        538,
        541,
        543,
        544,
        545,
        547,
        548,
        549,
        550,
        551,
        552,
        553,
        554,
        555,
        556,
        557,
        558,
        559,
        560,
        561,
        562,
        563,
        564,
        565,
        566,
        567,
        568,
        569,
        570,
        571,
        572,
        586,
        591,
        594,
        603,
        639,
        640,
        646,
        1107,
        1108,
        1109,
        1110,
        1111,
        1114,
        1116,
        1117,
        1118,
        1120,
        1121,
        1122,
        1123,
        1124,
        1125,
        1126,
        1127,
        1128,
        1129,
        1130,
        1131,
        1132,
        1133,
        1134,
        1135,
        1136,
        1137,
        1138,
        1139,
        1140,
        1141,
        1142,
        1143,
        1144,
        1145
      ],
      "row_level_counts": {
        "-1": 1,
        "-1/2": 100,
        "-1/4": 256,
        "0": 432,
        "1": 1,
        "1/2": 100,
        "1/4": 256
      },
      "size": 84
    },
    {
      "first_index": 6,
      "group": 2,
      "indices": [
        6,
        14,
        22,
        23,
        24,
        28,
        37,
        46,
        69,
        70,
        71,
        72,
        98,
        104,
        105,
        128,
        130,
        247,
        411,
        420,
        432,
        435,
        436,
        437,
        438,
        439,
        441,
        443,
        446,
        447,
        452,
        460,
        461,
        462,
        470,
        471,
        473,
        474,
        477,
        479,
        481,
        489,
        490,
        496,
        503,
        504,
        506,
        507,
        515,
        516,
        519,
        522,
        523,
        539,
        540,
        542,
        579,
        587,
        595,
        596,
        597,
        601,
        610,
        619,
        642,
        643,
        644,
        645,
        671,
        677,
        678,
        701,
        703,
        820,
        984,
        993,
        1005,
        1008,
        1009,
        1010,
        1011,
        1012,
        1014,
        1016,
        1019,
        1020,
        1025,
        1033,
        1034,
        1035,
        1043,
        1044,
        1046,
        1047,
        1050,
        1052,
        1054,
        1062,
        1063,
        1069,
        1076,
        1077,
        1079,
        1080,
        1088,
        1089,
        1092,
        1095,
        1096,
        1112,
        1113,
        1115
      ],
      "row_level_counts": {
        "-1": 1,
        "-1/2": 116,
        "-1/4": 228,
        "0": 456,
        "1": 1,
        "1/2": 116,
        "1/4": 228
      },
      "size": 112
    },
    {
      "first_index": 0,
      "group": 3,
      "indices": [
        0,
        1,
        2,
        3,
        4,
        5,
        7,
        15,
        16,
        17,
        19,
        20,
        25,
        26,
        27,
        29,
        31,
        32,
        33,
        34,
        35,
        36,
        38,
        39,
        40,
        41,
        42,
        43,
        44,
        45,
        47,
        48,
        49,
        50,
        51,
        52,
        53,
        54,
        55,
        56,
        58,
        59,
        60,
        61,
        62,
        63,
        64,
        65,
        68,
        74,
        75,
        76,
        77,
        78,
        79,
        80,
        81,
        82,
        83,
        84,
        85,
        86,
        87,
        88,
        89,
        90,
        91,
        92,
        93,
        94,
        95,
        96,
        97,
        99,
        100,
        101,
        102,
        103,
        106,
        107,
        108,
        109,
        110,
        112,
        113,
        114,
        115,
        116,
        117,
        118,
        119,
        120,
        121,
        122,
        123,
        124,
        125,
        126,
        127,
        129,
        131,
        132,
        133,
        134,
        135,
        136,
        137,
        138,
        139,
        140,
        141,
        142,
        143,
        144,
        145,
        146,
        147,
        148,
        149,
        150,
        151,
        152,
        153,
        154,
        155,
        156,
        157,
        158,
        159,
        160,
        161,
        162,
        163,
        164,
        165,
        166,
        167,
        168,
        169,
        170,
        171,
        172,
        173,
        174,
        175,
        176,
        177,
        178,
        179,
        180,
        181,
        182,
        183,
        184,
        185,
        186,
        187,
        188,
        189,
        190,
        191,
        192,
        193,
        194,
        195,
        196,
        197,
        198,
        199,
        200,
        201,
        202,
        203,
        204,
        205,
        206,
        207,
        208,
        209,
        210,
        211,
        212,
        213,
        214,
        215,
        216,
        217,
        218,
        219,
        220,
        221,
        222,
        223,
        224,
        225,
        226,
        227,
        228,
        229,
        230,
        231,
        232,
        233,
        234,
        235,
        236,
        237,
        238,
        239,
        240,
        241,
        242,
        243,
        244,
        245,
        246,
        248,
        249,
        250,
        251,
        252,
        253,
        254,
        255,
        256,
        257,
        258,
        259,
        260,
        261,
        262,
        263,
        264,
        265,
        266,
        267,
        268,
        269,
        270,
        271,
        272,
        273,
        274,
        275,
        276,
        277,
        278,
        279,
        280,
        281,
        282,
        283,
        284,
        285,
        286,
        287,
        288,
        289,
        290,
        291,
        292,
        293,
        294,
        295,
        296,
        297,
        298,
        300,
        301,
        302,
        303,
        304,
        305,
        306,
        307,
        308,
        309,
        310,
        311,
        312,
        313,
        314,
        315,
        316,
        318,
        319,
        320,
        321,
        322,
        323,
        324,
        325,
        327,
        328,
        329,
        330,
        331,
        332,
        333,
        334,
        335,
        336,
        337,
        338,
        339,
        340,
        341,
        342,
        343,
        344,
        345,
        346,
        347,
        348,
        349,
        350,
        351,
        352,
        353,
        354,
        355,
        356,
        357,
        358,
        359,
        360,
        361,
        362,
        363,
        364,
        365,
        366,
        367,
        368,
        369,
        370,
        371,
        372,
        373,
        374,
        375,
        376,
        377,
        378,
        379,
        380,
        381,
        382,
        383,
        384,
        385,
        386,
        387,
        388,
        389,
        390,
        391,
        392,
        393,
        394,
        395,
        396,
        397,
        398,
        399,
        400,
        401,
        402,
        403,
        404,
        405,
        406,
        407,
        408,
        409,
        410,
        412,
        413,
        414,
        415,
        416,
        417,
        418,
        419,
        421,
        422,
        423,
        424,
        440,
        449,
        450,
        451,
        453,
        454,
        456,
        457,
        463,
        464,
        465,
        466,
        467,
        468,
        469,
        472,
        475,
        478,
        480,
        482,
        483,
        484,
        485,
        486,
        487,
        488,
        491,
        492,
        493,
        494,
        495,
        497,
        498,
        499,
        500,
        501,
        502,
        505,
        508,
        509,
        510,
        511,
        512,
        513,
        514,
        517,
        518,
        520,
        521,
        524,
        525,
        526,
        527,
        528,
        529,
        530,
        531,
        532,
        533,
        546,
        573,
        574,
        575,
        576,
        577,
        578,
        580,
        588,
        589,
        590,
        592,
        593,
        598,
        599,
        600,
        602,
        604,
        605,
        606,
        607,
        608,
        609,
        611,
        612,
        613,
        614,
        615,
        616,
        617,
        618,
        620,
        621,
        622,
        623,
        624,
        625,
        626,
        627,
        628,
        629,
        631,
        632,
        633,
        634,
        635,
        636,
        637,
        638,
        641,
        647,
        648,
        649,
        650,
        651,
        652,
        653,
        654,
        655,
        656,
        657,
        658,
        659,
        660,
        661,
        662,
        663,
        664,
        665,
        666,
        667,
        668,
        669,
        670,
        672,
        673,
        674,
        675,
        676,
        679,
        680,
        681,
        682,
        683,
        685,
        686,
        687,
        688,
        689,
        690,
        691,
        692,
        693,
        694,
        695,
        696,
        697,
        698,
        699,
        700,
        702,
        704,
        705,
        706,
        707,
        708,
        709,
        710,
        711,
        712,
        713,
        714,
        715,
        716,
        717,
        718,
        719,
        720,
        721,
        722,
        723,
        724,
        725,
        726,
        727,
        728,
        729,
        730,
        731,
        732,
        733,
        734,
        735,
        736,
        737,
        738,
        739,
        740,
        741,
        742,
        743,
        744,
        745,
        746,
        747,
        748,
        749,
        750,
        751,
        752,
        753,
        754,
        755,
        756,
        757,
        758,
        759,
        760,
        761,
        762,
        763,
        764,
        765,
        766,
        767,
        768,
        769,
        770,
        771,
        772,
        773,
        774,
        775,
        776,
        777,
        778,
        779,
        780,
        781,
        782,
        783,
        784,
        785,
        786,
        787,
        788,
        789,
        790,
        791,
        792,
        793,
        794,
        795,
        796,
        797,
        798,
        799,
        800,
        801,
        802,
        803,
        804,
        805,
        806,
        807,
        808,
        809,
        810,
        811,
        812,
        813,
        814,
        815,
        816,
        817,
        818,
        819,
        821,
        822,
        823,
        824,
        825,
        826,
        827,
        828,
        829,
        830,
        831,
        832,
        833,
        834,
        835,
        836,
        837,
        838,
        839,
        840,
        841,
        842,
        843,
        844,
        845,
        846,
        847,
        848,
        849,
        850,
        851,
        852,
        853,
        854,
        855,
        856,
        857,
        858,
        859,
        860,
        861,
        862,
        863,
        864,
        865,
        866,
        867,
        868,
        869,
        870,
        871,
        873,
        874,
        875,
        876,
        877,
        878,
        879,
        880,
        881,
        882,
        883,
        884,
        885,
        886,
        887,
        888,
        889,
        891,
        892,
        893,
        894,
        895,
        896,
        897,
        898,
        900,
        901,
        902,
        903,
        904,
        905,
        906,
        907,
        908,
        909,
        910,
        911,
        912,
        913,
        914,
        915,
        916,
        917,
        918,
        919,
        920,
        921,
        922,
        923,
        924,
        925,
        926,
        927,
        928,
        929,
        930,
        931,
        932,
        933,
        934,
        935,
        936,
        937,
        938,
        939,
        940,
        941,
        942,
        943,
        944,
        945,
        946,
        947,
        948,
        949,
        950,
        951,
        952,
        953,
        954,
        955,
        956,
        957,
        958,
        959,
        960,
        961,
        962,
        963,
        964,
        965,
        966,
        967,
        968,
        969,
        970,
        971,
        972,
        973,
        974,
        975,
        976,
        977,
        978,
        979,
        980,
        981,
        982,
        983,
        985,
        986,
        987,
        988,
        989,
        990,
        991,
        992,
        994,
        995,
        996,
        997,
        1013,
        1022,
        1023,
        1024,
        1026,
        1027,
        1029,
        1030,
        1036,
        1037,
        1038,
        1039,
        1040,
        1041,
        1042,
        1045,
        1048,
        1051,
        1053,
        1055,
        1056,
        1057,
        1058,
        1059,
        1060,
        1061,
        1064,
        1065,
        1066,
        1067,
        1068,
        1070,
        1071,
        1072,
        1073,
        1074,
        1075,
        1078,
        1081,
        1082,
        1083,
        1084,
        1085,
        1086,
        1087,
        1090,
        1091,
        1093,
        1094,
        1097,
        1098,
        1099,
        1100,
        1101,
        1102,
        1103,
        1104,
        1105,
        1106,
        1119
      ],
      "row_level_counts": {
        "-1": 1,
        "-1/2": 110,
        "-1/4": 252,
        "0": 420,
        "1": 1,
        "1/2": 110,
        "1/4": 252
      },
      "size": 896
    }
  ],
  "single_cap_extension_diagnostics": {
    "R6": {
      "active_constraints": [
        11,
        42,
        82,
        98,
        100,
        104,
        105,
        106,
        111,
        112,
        114,
        115,
        118,
        119
      ],
      "best_polytope_norm": 0.8164965809277266,
      "normalized_candidate_cap_max": 0.6123724356957971,
      "normalized_candidate_root_max": 0.8660254037844396,
      "note": "Numerical diagnostic only; no exact non-extension claim is made.",
      "single_point_extension_numerically_possible": false,
      "starts": 194,
      "success": true,
      "successful_lp_solves": 388
    },
    "R7": {
      "active_constraints": [
        2,
        5,
        12,
        16,
        35,
        45,
        56,
        128,
        141,
        142,
        155,
        159,
        167,
        169,
        171,
        173,
        175,
        178,
        189,
        190,
        192,
        193,
        195,
        198,
        199,
        204,
        205,
        207
      ],
      "best_polytope_norm": 0.9354143466934876,
      "normalized_candidate_cap_max": 0.5345224838248521,
      "normalized_candidate_root_max": 0.7559289460184557,
      "note": "Numerical diagnostic only; no exact non-extension claim is made.",
      "single_point_extension_numerically_possible": false,
      "starts": 226,
      "success": true,
      "successful_lp_solves": 452
    }
  },
  "source": "/tmp/packingstar/13D_rational_configurations/13D-1146-cosmatrix.npy",
  "status": "verified_exact_structure",
  "subspace_alignment_R6": {
    "cap_norm_error": 1.3322676295501878e-15,
    "combined_count": 126,
    "factorization_error": 2.9976021664879227e-15,
    "rank": 6,
    "root_cap_max": 0.7071067811865497,
    "root_norm_error": 2.6645352591003757e-15
  },
  "subspace_alignment_R7": {
    "cap_norm_error": 1.2212453270876722e-15,
    "combined_count": 210,
    "factorization_error": 3.3306690738754696e-15,
    "rank": 7,
    "root_cap_max": 0.7071067811865492,
    "root_norm_error": 1.7763568394002505e-15
  }
}
