ANALYZE /tmp/packingstar/13D_rational_configurations/13D-1146-cosmatrix.npy
{
  "source": "/tmp/packingstar/13D_rational_configurations/13D-1146-cosmatrix.npy",
  "source_sha256": "e0c1a5be4958f7895847d352f3c71f6ea7802e4626e1864a56ebdedcfe74bc85",
  "status": "verified_exactly",
  "dtype": "float64",
  "shape": [
    1146,
    1146
  ],
  "dimension": 13,
  "count": 1146,
  "exact_gram_denominator": 4,
  "reconstruction_max_float_error": 0.0,
  "rank": 13,
  "positive_semidefinite": true,
  "max_off_diagonal": "1/2",
  "max_off_diagonal_pair": [
    0,
    2
  ],
  "tight_pairs": 63270,
  "antipodal_pairs": 573,
  "unique_rows": 1146,
  "basis_indices": [
    0,
    1,
    13,
    14,
    67,
    111,
    481,
    489,
    490,
    336,
    352,
    326,
    30
  ],
  "leading_principal_minors": [
    4,
    16,
    64,
    256,
    1024,
    4096,
    16384,
    65536,
    262144,
    851968,
    2621440,
    7077888,
    14155776
  ],
  "factorization_method": "numpy int64, proven bounds first=22464, final=1168128 < 2^62",
  "level_counts": {
    "-1": 1146,
    "-1/2": 126540,
    "-1/4": 285792,
    "0": 486360,
    "1/4": 285792,
    "1/2": 126540,
    "1": 1146
  },
  "exact_config_path": "kissing/dim13/packingstar/results/configs/13D-1146-cosmatrix_exact.json",
  "beats_live_record": false,
  "live_record": 1154,
  "hole_search": {
    "available": true,
    "success": true,
    "starts": 90,
    "successful_lp_solves": 331,
    "best_polytope_norm": 0.9354143466934856,
    "best_iterations": 2,
    "single_point_addition_numerically_possible": false,
    "normalized_candidate_max_inner": 0.5345224838248491,
    "normalized_candidate_conflicts": 77,
    "normalized_candidate_conflict_indices": [
      32,
      36,
      38,
      127,
      129,
      163,
      178,
      180,
      185,
      203,
      204,
      212,
      218,
      253,
      271,
      281,
      292,
      302,
      322,
      335,
      469,
      508,
      535,
      536,
      548,
      554,
      558,
      566,
      572,
      586,
      591,
      603,
      616,
      621,
      646,
      698,
      745,
      746,
      752,
      788,
      792,
      805,
      814,
      816,
      824,
      849,
      850,
      852,
      857,
      864,
      870,
      876,
      880,
      889,
      919,
      927,
      931,
      947,
      949,
      951,
      980,
      982,
      983,
      988,
      994,
      1082,
      1087,
      1107,
      1110,
      1117,
      1126,
      1128,
      1134,
      1136,
      1140,
      1141,
      1144
    ],
    "coordinate_norm_error": 4.440892098500626e-16,
    "sample_gram_error": 4.440892098500626e-16,
    "note": "Numerical diagnostic only; it is not an exact kissing certificate."
  }
}
ANALYZE /tmp/packingstar/13D_rational_configurations/13D-1146-cosmatrix_variant_1.npy
{
  "source": "/tmp/packingstar/13D_rational_configurations/13D-1146-cosmatrix_variant_1.npy",
  "source_sha256": "70634b52bf5fd47c049ff97c5ffe4a0859bad97fe9048db8a313f6778c7cb8ab",
  "status": "verified_exactly",
  "dtype": "float64",
  "shape": [
    1146,
    1146
  ],
  "dimension": 13,
  "count": 1146,
  "exact_gram_denominator": 4,
  "reconstruction_max_float_error": 0.0,
  "rank": 13,
  "positive_semidefinite": true,
  "max_off_diagonal": "1/2",
  "max_off_diagonal_pair": [
    0,
    27
  ],
  "tight_pairs": 63354,
  "antipodal_pairs": 69,
  "unique_rows": 1146,
  "basis_indices": [
    0,
    2,
    4,
    46,
    134,
    603,
    58,
    71,
    691,
    435,
    41,
    921,
    532
  ],
  "leading_principal_minors": [
    4,
    16,
    64,
    256,
    1024,
    4096,
    15360,
    57600,
    215040,
    749056,
    2337792,
    6598656,
    15980544
  ],
  "factorization_method": "numpy int64, proven bounds first=1340352, final=69698304 < 2^62",
  "level_counts": {
    "-1": 138,
    "-3/4": 6048,
    "-1/2": 112596,
    "-1/4": 301248,
    "0": 478296,
    "1/4": 287136,
    "1/2": 126708,
    "1": 1146
  },
  "exact_config_path": "kissing/dim13/packingstar/results/configs/13D-1146-cosmatrix_variant_1_exact.json",
  "beats_live_record": false,
  "live_record": 1154,
  "hole_search": {
    "available": true,
    "success": true,
    "starts": 90,
    "successful_lp_solves": 336,
    "best_polytope_norm": 0.9354143466934866,
    "best_iterations": 4,
    "single_point_addition_numerically_possible": false,
    "normalized_candidate_max_inner": 0.5345224838248508,
    "normalized_candidate_conflicts": 75,
    "normalized_candidate_conflict_indices": [
      2,
      50,
      89,
      100,
      109,
      144,
      161,
      183,
      205,
      208,
      248,
      263,
      270,
      285,
      308,
      361,
      385,
      391,
      392,
      427,
      436,
      473,
      490,
      504,
      511,
      532,
      549,
      553,
      575,
      577,
      642,
      658,
      674,
      696,
      713,
      727,
      752,
      756,
      766,
      789,
      795,
      796,
      812,
      843,
      845,
      848,
      850,
      876,
      902,
      910,
      945,
      966,
      976,
      979,
      1013,
      1075,
      1081,
      1082,
      1083,
      1086,
      1088,
      1089,
      1090,
      1092,
      1102,
      1113,
      1115,
      1116,
      1117,
      1119,
      1120,
      1127,
      1128,
      1138,
      1140
    ],
    "coordinate_norm_error": 6.661338147750939e-16,
    "sample_gram_error": 4.440892098500626e-16,
    "note": "Numerical diagnostic only; it is not an exact kissing certificate."
  }
}
